--- System Configuration Dialog ---

Would you like to enter the initial configuration dialog? [yes/no]: 

Press RETURN to get started!



Router>enable
Router#
Router#configure terminal
Enter configuration commands, one per line.  End with CNTL/Z.
Router(config)#interface GigabitEthernet0/0/1
Router(config-if)#no shutdown
Router(config-if)#
%LINK-5-CHANGED: Interface GigabitEthernet0/0/1, changed state to up
shutdown
Router(config-if)#
%LINK-5-CHANGED: Interface GigabitEthernet0/0/1, changed state to administratively down
no shutdown
Router(config-if)#
%LINK-5-CHANGED: Interface GigabitEthernet0/0/1, changed state to up

Router(config-if)#exit
Router(config)#interface GigabitEthernet0/0/0
Router(config-if)#
Router(config-if)#exit
Router(config)#interface GigabitEthernet0/0/1
Router(config-if)#
Router(config-if)#
Router(config-if)#exit
Router(config)#interface GigabitEthernet0/0/0
Router(config-if)#
Router(config-if)#enable
                   ^
% Invalid input detected at '^' marker.
	
Router(config-if)#exit
Router(config)#int
Router(config)#interface gig
Router(config)#interface gigabitEthernet 0/0/0.10
Router(config-subif)#
Router(config-subif)#
Router(config-subif)#end
Router#configure terminal
Enter configuration commands, one per line.  End with CNTL/Z.
Router(config)#interface GigabitEthernet0/0/0
Router(config-if)#
%SYS-5-CONFIG_I: Configured from console by console
interface GigabitEthernet0/0/0
Router(config-if)#exit
Router(config)#interface GigabitEthernet0/0/0.10
Router(config-subif)#encap
Router(config-subif)#encapsulation dot
Router(config-subif)#encapsulation dot1Q 10
Router(config-subif)#ip
% Incomplete command.
Router(config-subif)#ip 192.168.10.1 255.255.255.0
                        ^
% Invalid input detected at '^' marker.
	
Router(config-subif)#ip 192.168.10.1 255.255.255.0
                        ^
% Invalid input detected at '^' marker.
	
Router(config-subif)#ip 192.168.10.1 255.255.255.0
Router(config-subif)#ip address 192.168.10.1 255.255.255.0
Router(config-subif)#no s
Router(config-subif)#no shutdown
Router(config-subif)#exit
Router(config)#interface GigabitEthernet0/0/0.20
Router(config-subif)#encapsulation dot1Q 20
Router(config-subif)#ip address 192.168.20.1 255.255.255.0
Router(config-subif)#no shutdown
Router(config-subif)#exit
Router(config)#
Router(config)#
Router(config)#interface GigabitEthernet0/0/0
Router(config-if)#
Router(config-if)#end
Router#copy running-config startup-config
Destination filename [startup-config]? 
Building configuration...
[OK]
Router#
%SYS-5-CONFIG_I: Configured from console by console

?Bad filename
%Error parsing filename (Bad file number)
Router#
Router#configure terminal
Enter configuration commands, one per line.  End with CNTL/Z.
Router(config)#interface GigabitEthernet0/0/0
Router(config-if)#
Router(config-if)#exit
Router(config)#interface GigabitEthernet0/0/0
Router(config-if)#no shutdown
Router(config-if)#
%LINK-5-CHANGED: Interface GigabitEthernet0/0/0, changed state to up

%LINEPROTO-5-UPDOWN: Line protocol on Interface GigabitEthernet0/0/0, changed state to up

%LINK-5-CHANGED: Interface GigabitEthernet0/0/0.10, changed state to up

%LINEPROTO-5-UPDOWN: Line protocol on Interface GigabitEthernet0/0/0.10, changed state to up

%LINK-5-CHANGED: Interface GigabitEthernet0/0/0.20, changed state to up

%LINEPROTO-5-UPDOWN: Line protocol on Interface GigabitEthernet0/0/0.20, changed state to up
